E:/stmworks/howtointerrupt/Core/Src/stm32f4xx_it.c:69:6:NMI_Handler	4	static
E:/stmworks/howtointerrupt/Core/Src/stm32f4xx_it.c:84:6:HardFault_Handler	4	static
E:/stmworks/howtointerrupt/Core/Src/stm32f4xx_it.c:99:6:MemManage_Handler	4	static
E:/stmworks/howtointerrupt/Core/Src/stm32f4xx_it.c:114:6:BusFault_Handler	8	static
E:/stmworks/howtointerrupt/Core/Src/stm32f4xx_it.c:132:6:UsageFault_Handler	4	static
E:/stmworks/howtointerrupt/Core/Src/stm32f4xx_it.c:147:6:SVC_Handler	4	static
E:/stmworks/howtointerrupt/Core/Src/stm32f4xx_it.c:160:6:DebugMon_Handler	4	static
E:/stmworks/howtointerrupt/Core/Src/stm32f4xx_it.c:173:6:PendSV_Handler	4	static
E:/stmworks/howtointerrupt/Core/Src/stm32f4xx_it.c:186:6:SysTick_Handler	8	static
E:/stmworks/howtointerrupt/Core/Src/stm32f4xx_it.c:207:6:EXTI0_IRQHandler	8	static
