Archive member included to satisfy reference by file (symbol)

E:/GNU/arm-gnu-toolchain-13.3.rel1-mingw-w64-i686-arm-none-eabi/bin/../lib/gcc/arm-none-eabi/13.3.1/thumb/v7e-m+fp/hard\libgcc.a(_aeabi_uldivmod.o)
                              cmake/stm32cubemx/CMakeFiles/STM32_Drivers.dir/__/__/Drivers/STM32F4xx_HAL_Driver/Src/stm32f4xx_hal_rcc.c.obj (__aeabi_uldivmod)
E:/GNU/arm-gnu-toolchain-13.3.rel1-mingw-w64-i686-arm-none-eabi/bin/../lib/gcc/arm-none-eabi/13.3.1/thumb/v7e-m+fp/hard\libgcc.a(_udivmoddi4.o)
                              E:/GNU/arm-gnu-toolchain-13.3.rel1-mingw-w64-i686-arm-none-eabi/bin/../lib/gcc/arm-none-eabi/13.3.1/thumb/v7e-m+fp/hard\libgcc.a(_aeabi_uldivmod.o) (__udivmoddi4)
E:/GNU/arm-gnu-toolchain-13.3.rel1-mingw-w64-i686-arm-none-eabi/bin/../lib/gcc/arm-none-eabi/13.3.1/thumb/v7e-m+fp/hard\libgcc.a(_dvmd_tls.o)
                              E:/GNU/arm-gnu-toolchain-13.3.rel1-mingw-w64-i686-arm-none-eabi/bin/../lib/gcc/arm-none-eabi/13.3.1/thumb/v7e-m+fp/hard\libgcc.a(_aeabi_uldivmod.o) (__aeabi_ldiv0)
E:/GNU/arm-gnu-toolchain-13.3.rel1-mingw-w64-i686-arm-none-eabi/bin/../lib/gcc/arm-none-eabi/13.3.1/thumb/v7e-m+fp/hard\libg_nano.a(libc_a-exit.o)
                              E:/GNU/arm-gnu-toolchain-13.3.rel1-mingw-w64-i686-arm-none-eabi/bin/../lib/gcc/arm-none-eabi/13.3.1/thumb/v7e-m+fp/hard/crt0.o (exit)
E:/GNU/arm-gnu-toolchain-13.3.rel1-mingw-w64-i686-arm-none-eabi/bin/../lib/gcc/arm-none-eabi/13.3.1/thumb/v7e-m+fp/hard\libg_nano.a(libc_a-findfp.o)
                              E:/GNU/arm-gnu-toolchain-13.3.rel1-mingw-w64-i686-arm-none-eabi/bin/../lib/gcc/arm-none-eabi/13.3.1/thumb/v7e-m+fp/hard\libg_nano.a(libc_a-exit.o) (__stdio_exit_handler)
E:/GNU/arm-gnu-toolchain-13.3.rel1-mingw-w64-i686-arm-none-eabi/bin/../lib/gcc/arm-none-eabi/13.3.1/thumb/v7e-m+fp/hard\libg_nano.a(libc_a-fwalk.o)
                              E:/GNU/arm-gnu-toolchain-13.3.rel1-mingw-w64-i686-arm-none-eabi/bin/../lib/gcc/arm-none-eabi/13.3.1/thumb/v7e-m+fp/hard\libg_nano.a(libc_a-findfp.o) (_fwalk_sglue)
E:/GNU/arm-gnu-toolchain-13.3.rel1-mingw-w64-i686-arm-none-eabi/bin/../lib/gcc/arm-none-eabi/13.3.1/thumb/v7e-m+fp/hard\libg_nano.a(libc_a-stdio.o)
                              E:/GNU/arm-gnu-toolchain-13.3.rel1-mingw-w64-i686-arm-none-eabi/bin/../lib/gcc/arm-none-eabi/13.3.1/thumb/v7e-m+fp/hard\libg_nano.a(libc_a-findfp.o) (__sread)
E:/GNU/arm-gnu-toolchain-13.3.rel1-mingw-w64-i686-arm-none-eabi/bin/../lib/gcc/arm-none-eabi/13.3.1/thumb/v7e-m+fp/hard\libg_nano.a(libc_a-memset.o)
                              E:/GNU/arm-gnu-toolchain-13.3.rel1-mingw-w64-i686-arm-none-eabi/bin/../lib/gcc/arm-none-eabi/13.3.1/thumb/v7e-m+fp/hard/crt0.o (memset)
E:/GNU/arm-gnu-toolchain-13.3.rel1-mingw-w64-i686-arm-none-eabi/bin/../lib/gcc/arm-none-eabi/13.3.1/thumb/v7e-m+fp/hard\libg_nano.a(libc_a-closer.o)
                              E:/GNU/arm-gnu-toolchain-13.3.rel1-mingw-w64-i686-arm-none-eabi/bin/../lib/gcc/arm-none-eabi/13.3.1/thumb/v7e-m+fp/hard\libg_nano.a(libc_a-stdio.o) (_close_r)
E:/GNU/arm-gnu-toolchain-13.3.rel1-mingw-w64-i686-arm-none-eabi/bin/../lib/gcc/arm-none-eabi/13.3.1/thumb/v7e-m+fp/hard\libg_nano.a(libc_a-reent.o)
                              E:/GNU/arm-gnu-toolchain-13.3.rel1-mingw-w64-i686-arm-none-eabi/bin/../lib/gcc/arm-none-eabi/13.3.1/thumb/v7e-m+fp/hard\libg_nano.a(libc_a-closer.o) (errno)
E:/GNU/arm-gnu-toolchain-13.3.rel1-mingw-w64-i686-arm-none-eabi/bin/../lib/gcc/arm-none-eabi/13.3.1/thumb/v7e-m+fp/hard\libg_nano.a(libc_a-impure.o)
                              E:/GNU/arm-gnu-toolchain-13.3.rel1-mingw-w64-i686-arm-none-eabi/bin/../lib/gcc/arm-none-eabi/13.3.1/thumb/v7e-m+fp/hard\libg_nano.a(libc_a-reent.o) (_impure_ptr)
E:/GNU/arm-gnu-toolchain-13.3.rel1-mingw-w64-i686-arm-none-eabi/bin/../lib/gcc/arm-none-eabi/13.3.1/thumb/v7e-m+fp/hard\libg_nano.a(libc_a-lseekr.o)
                              E:/GNU/arm-gnu-toolchain-13.3.rel1-mingw-w64-i686-arm-none-eabi/bin/../lib/gcc/arm-none-eabi/13.3.1/thumb/v7e-m+fp/hard\libg_nano.a(libc_a-stdio.o) (_lseek_r)
E:/GNU/arm-gnu-toolchain-13.3.rel1-mingw-w64-i686-arm-none-eabi/bin/../lib/gcc/arm-none-eabi/13.3.1/thumb/v7e-m+fp/hard\libg_nano.a(libc_a-readr.o)
                              E:/GNU/arm-gnu-toolchain-13.3.rel1-mingw-w64-i686-arm-none-eabi/bin/../lib/gcc/arm-none-eabi/13.3.1/thumb/v7e-m+fp/hard\libg_nano.a(libc_a-stdio.o) (_read_r)
E:/GNU/arm-gnu-toolchain-13.3.rel1-mingw-w64-i686-arm-none-eabi/bin/../lib/gcc/arm-none-eabi/13.3.1/thumb/v7e-m+fp/hard\libg_nano.a(libc_a-writer.o)
                              E:/GNU/arm-gnu-toolchain-13.3.rel1-mingw-w64-i686-arm-none-eabi/bin/../lib/gcc/arm-none-eabi/13.3.1/thumb/v7e-m+fp/hard\libg_nano.a(libc_a-stdio.o) (_write_r)
E:/GNU/arm-gnu-toolchain-13.3.rel1-mingw-w64-i686-arm-none-eabi/bin/../lib/gcc/arm-none-eabi/13.3.1/thumb/v7e-m+fp/hard\libg_nano.a(libc_a-errno.o)
                              CMakeFiles/breathlight.dir/Core/Src/sysmem.c.obj (__errno)
[...]
Memory Configuration

Name             Origin             Length             Attributes
RAM              0x20000000         0x00020000         xrw
CCMRAM           0x10000000         0x00010000         xrw
FLASH            0x08000000         0x00080000         xr
*default*        0x00000000         0xffffffff

Linker script and memory map

LOAD E:/GNU/arm-gnu-toolchain-13.3.rel1-mingw-w64-i686-arm-none-eabi/bin/../lib/gcc/arm-none-eabi/13.3.1/thumb/v7e-m+fp/hard/crti.o
LOAD E:/GNU/arm-gnu-toolchain-13.3.rel1-mingw-w64-i686-arm-none-eabi/bin/../lib/gcc/arm-none-eabi/13.3.1/thumb/v7e-m+fp/hard/crtbegin.o
LOAD E:/GNU/arm-gnu-toolchain-13.3.rel1-mingw-w64-i686-arm-none-eabi/bin/../lib/gcc/arm-none-eabi/13.3.1/thumb/v7e-m+fp/hard/crt0.o
LOAD cmake/stm32cubemx/CMakeFiles/STM32_Drivers.dir/__/__/Core/Src/system_stm32f4xx.c.obj
LOAD cmake/stm32cubemx/CMakeFiles/STM32_Drivers.dir/__/__/Drivers/STM32F4xx_HAL_Driver/Src/stm32f4xx_hal_tim.c.obj
LOAD cmake/stm32cubemx/CMakeFiles/STM32_Drivers.dir/__/__/Drivers/STM32F4xx_HAL_Driver/Src/stm32f4xx_hal_tim_ex.c.obj
LOAD cmake/stm32cubemx/CMakeFiles/STM32_Drivers.dir/__/__/Drivers/STM32F4xx_HAL_Driver/Src/stm32f4xx_hal_rcc.c.obj
LOAD cmake/stm32cubemx/CMakeFiles/STM32_Drivers.dir/__/__/Drivers/STM32F4xx_HAL_Driver/Src/stm32f4xx_hal_rcc_ex.c.obj
LOAD cmake/stm32cubemx/CMakeFiles/STM32_Drivers.dir/__/__/Drivers/STM32F4xx_HAL_Driver/Src/stm32f4xx_hal_flash.c.obj
LOAD cmake/stm32cubemx/CMakeFiles/STM32_Drivers.dir/__/__/Drivers/STM32F4xx_HAL_Driver/Src/stm32f4xx_hal_flash_ex.c.obj
LOAD cmake/stm32cubemx/CMakeFiles/STM32_Drivers.dir/__/__/Drivers/STM32F4xx_HAL_Driver/Src/stm32f4xx_hal_flash_ramfunc.c.obj
LOAD cmake/stm32cubemx/CMakeFiles/STM32_Drivers.dir/__/__/Drivers/STM32F4xx_HAL_Driver/Src/stm32f4xx_hal_gpio.c.obj
LOAD cmake/stm32cubemx/CMakeFiles/STM32_Drivers.dir/__/__/Drivers/STM32F4xx_HAL_Driver/Src/stm32f4xx_hal_dma_ex.c.obj
LOAD cmake/stm32cubemx/CMakeFiles/STM32_Drivers.dir/__/__/Drivers/STM32F4xx_HAL_Driver/Src/stm32f4xx_hal_dma.c.obj
LOAD cmake/stm32cubemx/CMakeFiles/STM32_Drivers.dir/__/__/Drivers/STM32F4xx_HAL_Driver/Src/stm32f4xx_hal_pwr.c.obj
LOAD cmake/stm32cubemx/CMakeFiles/STM32_Drivers.dir/__/__/Drivers/STM32F4xx_HAL_Driver/Src/stm32f4xx_hal_pwr_ex.c.obj
LOAD cmake/stm32cubemx/CMakeFiles/STM32_Drivers.dir/__/__/Drivers/STM32F4xx_HAL_Driver/Src/stm32f4xx_hal_cortex.c.obj
LOAD cmake/stm32cubemx/CMakeFiles/STM32_Drivers.dir/__/__/Drivers/STM32F4xx_HAL_Driver/Src/stm32f4xx_hal.c.obj
LOAD cmake/stm32cubemx/CMakeFiles/STM32_Drivers.dir/__/__/Drivers/STM32F4xx_HAL_Driver/Src/stm32f4xx_hal_exti.c.obj
LOAD CMakeFiles/breathlight.dir/Core/Src/main.c.obj
LOAD CMakeFiles/breathlight.dir/Core/Src/stm32f4xx_it.c.obj
LOAD CMakeFiles/breathlight.dir/Core/Src/stm32f4xx_hal_msp.c.obj
LOAD CMakeFiles/breathlight.dir/Core/Src/sysmem.c.obj
LOAD CMakeFiles/breathlight.dir/Core/Src/syscalls.c.obj
LOAD CMakeFiles/breathlight.dir/startup_stm32f407xx.s.obj
LOAD E:/GNU/arm-gnu-toolchain-13.3.rel1-mingw-w64-i686-arm-none-eabi/bin/../lib/gcc/arm-none-eabi/13.3.1/thumb/v7e-m+fp/hard\libm.a
START GROUP
LOAD E:/GNU/arm-gnu-toolchain-13.3.rel1-mingw-w64-i686-arm-none-eabi/bin/../lib/gcc/arm-none-eabi/13.3.1/thumb/v7e-m+fp/hard\libgcc.a
LOAD E:/GNU/arm-gnu-toolchain-13.3.rel1-mingw-w64-i686-arm-none-eabi/bin/../lib/gcc/arm-none-eabi/13.3.1/thumb/v7e-m+fp/hard\libg_nano.a
LOAD E:/GNU/arm-gnu-toolchain-13.3.rel1-mingw-w64-i686-arm-none-eabi/bin/../lib/gcc/arm-none-eabi/13.3.1/thumb/v7e-m+fp/hard\libc_nano.a
END GROUP
START GROUP
LOAD E:/GNU/arm-gnu-toolchain-13.3.rel1-mingw-w64-i686-arm-none-eabi/bin/../lib/gcc/arm-none-eabi/13.3.1/thumb/v7e-m+fp/hard\libgcc.a
LOAD E:/GNU/arm-gnu-toolchain-13.3.rel1-mingw-w64-i686-arm-none-eabi/bin/../lib/gcc/arm-none-eabi/13.3.1/thumb/v7e-m+fp/hard\libc_nano.a
END GROUP
LOAD E:/GNU/arm-gnu-toolchain-13.3.rel1-mingw-w64-i686-arm-none-eabi/bin/../lib/gcc/arm-none-eabi/13.3.1/thumb/v7e-m+fp/hard/crtend.o
LOAD E:/GNU/arm-gnu-toolchain-13.3.rel1-mingw-w64-i686-arm-none-eabi/bin/../lib/gcc/arm-none-eabi/13.3.1/thumb/v7e-m+fp/hard/crtn.o
                0x20020000                        _estack = (ORIGIN (RAM) + LENGTH (RAM))
                0x2001fc00                        _sstack = (_estack - _Min_Stack_Size)
                0x00000200                        _Min_Heap_Size = 0x200
                0x00000400                        _Min_Stack_Size = 0x400

.isr_vector     0x08000000      0x188
                0x08000000                        . = ALIGN (0x4)
 *(.isr_vector)
 .isr_vector    0x08000000      0x188 CMakeFiles/breathlight.dir/startup_stm32f407xx.s.obj
                0x08000000                g_pfnVectors
                0x08000188                        . = ALIGN (0x4)

.text           0x08000188     0x25f8
                0x08000188                        . = ALIGN (0x4)
 *(.text)
 .text          0x08000188       0x30 E:/GNU/arm-gnu-toolchain-13.3.rel1-mingw-w64-i686-arm-none-eabi/bin/../lib/gcc/arm-none-eabi/13.3.1/thumb/v7e-m+fp/hard\libgcc.a(_aeabi_uldivmod.o)
                0x08000188                __aeabi_uldivmod
 .text          0x080001b8        0x4 E:/GNU/arm-gnu-toolchain-13.3.rel1-mingw-w64-i686-arm-none-eabi/bin/../lib/gcc/arm-none-eabi/13.3.1/thumb/v7e-m+fp/hard\libgcc.a(_dvmd_tls.o)
                0x080001b8                __aeabi_idiv0
                0x080001b8                __aeabi_ldiv0
 *(.text*)
 .text.deregister_tm_clones
                0x080001bc       0x1c E:/GNU/arm-gnu-toolchain-13.3.rel1-mingw-w64-i686-arm-none-eabi/bin/../lib/gcc/arm-none-eabi/13.3.1/thumb/v7e-m+fp/hard/crtbegin.o
 .text.register_tm_clones
                0x080001d8       0x24 E:/GNU/arm-gnu-toolchain-13.3.rel1-mingw-w64-i686-arm-none-eabi/bin/../lib/gcc/arm-none-eabi/13.3.1/thumb/v7e-m+fp/hard/crtbegin.o
 .text.__do_global_dtors_aux
                0x080001fc       0x28 E:/GNU/arm-gnu-toolchain-13.3.rel1-mingw-w64-i686-arm-none-eabi/bin/../lib/gcc/arm-none-eabi/13.3.1/thumb/v7e-m+fp/hard/crtbegin.o
 .text.frame_dummy
                0x08000224       0x24 E:/GNU/arm-gnu-toolchain-13.3.rel1-mingw-w64-i686-arm-none-eabi/bin/../lib/gcc/arm-none-eabi/13.3.1/thumb/v7e-m+fp/hard/crtbegin.o
 .text.SystemInit
                0x08000248       0x24 cmake/stm32cubemx/CMakeFiles/STM32_Drivers.dir/__/__/Core/Src/system_stm32f4xx.c.obj
                0x08000248                SystemInit
 .text.HAL_TIM_Base_Init
                0x0800026c       0x9e cmake/stm32cubemx/CMakeFiles/STM32_Drivers.dir/__/__/Drivers/STM32F4xx_HAL_Driver/Src/stm32f4xx_hal_tim.c.obj
                0x0800026c                HAL_TIM_Base_Init
 .text.HAL_TIM_PWM_Init
                0x0800030a       0x9e cmake/stm32cubemx/CMakeFiles/STM32_Drivers.dir/__/__/Drivers/STM32F4xx_HAL_Driver/Src/stm32f4xx_hal_tim.c.obj
                0x0800030a                HAL_TIM_PWM_Init
 .text.HAL_TIM_PWM_Start
                0x080003a8      0x190 cmake/stm32cubemx/CMakeFiles/STM32_Drivers.dir/__/__/Drivers/STM32F4xx_HAL_Driver/Src/stm32f4xx_hal_tim.c.obj
                0x080003a8                HAL_TIM_PWM_Start
 .text.HAL_TIM_PWM_ConfigChannel
                0x08000538      0x184 cmake/stm32cubemx/CMakeFiles/STM32_Drivers.dir/__/__/Drivers/STM32F4xx_HAL_Driver/Src/stm32f4xx_hal_tim.c.obj
                0x08000538                HAL_TIM_PWM_ConfigChannel
 .text.HAL_TIM_ConfigClockSource
                0x080006bc      0x18e cmake/stm32cubemx/CMakeFiles/STM32_Drivers.dir/__/__/Drivers/STM32F4xx_HAL_Driver/Src/stm32f4xx_hal_tim.c.obj
                0x080006bc                HAL_TIM_ConfigClockSource
 *fill*         0x0800084a        0x2 
 .text.TIM_Base_SetConfig
                0x0800084c      0x14c cmake/stm32cubemx/CMakeFiles/STM32_Drivers.dir/__/__/Drivers/STM32F4xx_HAL_Driver/Src/stm32f4xx_hal_tim.c.obj
                0x0800084c                TIM_Base_SetConfig
 .text.TIM_OC1_SetConfig
                0x08000998       0xe0 cmake/stm32cubemx/CMakeFiles/STM32_Drivers.dir/__/__/Drivers/STM32F4xx_HAL_Driver/Src/stm32f4xx_hal_tim.c.obj
 .text.TIM_OC2_SetConfig
                0x08000a78       0xec cmake/stm32cubemx/CMakeFiles/STM32_Drivers.dir/__/__/Drivers/STM32F4xx_HAL_Driver/Src/stm32f4xx_hal_tim.c.obj
                0x08000a78                TIM_OC2_SetConfig
 .text.TIM_OC3_SetConfig
                0x08000b64       0xe8 cmake/stm32cubemx/CMakeFiles/STM32_Drivers.dir/__/__/Drivers/STM32F4xx_HAL_Driver/Src/stm32f4xx_hal_tim.c.obj
 .text.TIM_OC4_SetConfig
                0x08000c4c       0xac cmake/stm32cubemx/CMakeFiles/STM32_Drivers.dir/__/__/Drivers/STM32F4xx_HAL_Driver/Src/stm32f4xx_hal_tim.c.obj
 .text.TIM_TI1_ConfigInputStage
                0x08000cf8       0x5e cmake/stm32cubemx/CMakeFiles/STM32_Drivers.dir/__/__/Drivers/STM32F4xx_HAL_Driver/Src/stm32f4xx_hal_tim.c.obj
 .text.TIM_TI2_ConfigInputStage
                0x08000d56       0x60 cmake/stm32cubemx/CMakeFiles/STM32_Drivers.dir/__/__/Drivers/STM32F4xx_HAL_Driver/Src/stm32f4xx_hal_tim.c.obj
 .text.TIM_ITRx_SetConfig
                0x08000db6       0x36 cmake/stm32cubemx/CMakeFiles/STM32_Drivers.dir/__/__/Drivers/STM32F4xx_HAL_Driver/Src/stm32f4xx_hal_tim.c.obj
 .text.TIM_ETR_SetConfig
                0x08000dec       0x40 cmake/stm32cubemx/CMakeFiles/STM32_Drivers.dir/__/__/Drivers/STM32F4xx_HAL_Driver/Src/stm32f4xx_hal_tim.c.obj
                0x08000dec                TIM_ETR_SetConfig
 .text.TIM_CCxChannelCmd
                0x08000e2c       0x4a cmake/stm32cubemx/CMakeFiles/STM32_Drivers.dir/__/__/Drivers/STM32F4xx_HAL_Driver/Src/stm32f4xx_hal_tim.c.obj
                0x08000e2c                TIM_CCxChannelCmd
 *fill*         0x08000e76        0x2 
 .text.HAL_TIMEx_MasterConfigSynchronization
                0x08000e78       0xf8 cmake/stm32cubemx/CMakeFiles/STM32_Drivers.dir/__/__/Drivers/STM32F4xx_HAL_Driver/Src/stm32f4xx_hal_tim_ex.c.obj
                0x08000e78                HAL_TIMEx_MasterConfigSynchronization
 .text.HAL_RCC_OscConfig
                0x08000f70      0x4f0 cmake/stm32cubemx/CMakeFiles/STM32_Drivers.dir/__/__/Drivers/STM32F4xx_HAL_Driver/Src/stm32f4xx_hal_rcc.c.obj
                0x08000f70                HAL_RCC_OscConfig
 .text.HAL_RCC_ClockConfig
                0x08001460      0x1cc cmake/stm32cubemx/CMakeFiles/STM32_Drivers.dir/__/__/Drivers/STM32F4xx_HAL_Driver/Src/stm32f4xx_hal_rcc.c.obj
                0x08001460                HAL_RCC_ClockConfig
 .text.HAL_RCC_GetSysClockFreq
                0x0800162c      0x20c cmake/stm32cubemx/CMakeFiles/STM32_Drivers.dir/__/__/Drivers/STM32F4xx_HAL_Driver/Src/stm32f4xx_hal_rcc.c.obj
                0x0800162c                HAL_RCC_GetSysClockFreq
 .text.HAL_GPIO_Init
                0x08001838      0x338 cmake/stm32cubemx/CMakeFiles/STM32_Drivers.dir/__/__/Drivers/STM32F4xx_HAL_Driver/Src/stm32f4xx_hal_gpio.c.obj
                0x08001838                HAL_GPIO_Init
 .text.__NVIC_SetPriorityGrouping
                0x08001b70       0x48 cmake/stm32cubemx/CMakeFiles/STM32_Drivers.dir/__/__/Drivers/STM32F4xx_HAL_Driver/Src/stm32f4xx_hal_cortex.c.obj
 .text.__NVIC_GetPriorityGrouping
                0x08001bb8       0x1c cmake/stm32cubemx/CMakeFiles/STM32_Drivers.dir/__/__/Drivers/STM32F4xx_HAL_Driver/Src/stm32f4xx_hal_cortex.c.obj
 .text.__NVIC_SetPriority
                0x08001bd4       0x54 cmake/stm32cubemx/CMakeFiles/STM32_Drivers.dir/__/__/Drivers/STM32F4xx_HAL_Driver/Src/stm32f4xx_hal_cortex.c.obj
 .text.NVIC_EncodePriority
                0x08001c28       0x66 cmake/stm32cubemx/CMakeFiles/STM32_Drivers.dir/__/__/Drivers/STM32F4xx_HAL_Driver/Src/stm32f4xx_hal_cortex.c.obj
 *fill*         0x08001c8e        0x2 
 .text.SysTick_Config
                0x08001c90       0x44 cmake/stm32cubemx/CMakeFiles/STM32_Drivers.dir/__/__/Drivers/STM32F4xx_HAL_Driver/Src/stm32f4xx_hal_cortex.c.obj
 .text.HAL_NVIC_SetPriorityGrouping
                0x08001cd4       0x16 cmake/stm32cubemx/CMakeFiles/STM32_Drivers.dir/__/__/Drivers/STM32F4xx_HAL_Driver/Src/stm32f4xx_hal_cortex.c.obj
                0x08001cd4                HAL_NVIC_SetPriorityGrouping
 .text.HAL_NVIC_SetPriority
                0x08001cea       0x38 cmake/stm32cubemx/CMakeFiles/STM32_Drivers.dir/__/__/Drivers/STM32F4xx_HAL_Driver/Src/stm32f4xx_hal_cortex.c.obj
                0x08001cea                HAL_NVIC_SetPriority
 .text.HAL_SYSTICK_Config
                0x08001d22       0x18 cmake/stm32cubemx/CMakeFiles/STM32_Drivers.dir/__/__/Drivers/STM32F4xx_HAL_Driver/Src/stm32f4xx_hal_cortex.c.obj
                0x08001d22                HAL_SYSTICK_Config
 *fill*         0x08001d3a        0x2 
 .text.HAL_Init
                0x08001d3c       0x44 cmake/stm32cubemx/CMakeFiles/STM32_Drivers.dir/__/__/Drivers/STM32F4xx_HAL_Driver/Src/stm32f4xx_hal.c.obj
                0x08001d3c                HAL_Init
 .text.HAL_InitTick
                0x08001d80       0x60 cmake/stm32cubemx/CMakeFiles/STM32_Drivers.dir/__/__/Drivers/STM32F4xx_HAL_Driver/Src/stm32f4xx_hal.c.obj
                0x08001d80                HAL_InitTick
 .text.HAL_IncTick
                0x08001de0       0x28 cmake/stm32cubemx/CMakeFiles/STM32_Drivers.dir/__/__/Drivers/STM32F4xx_HAL_Driver/Src/stm32f4xx_hal.c.obj
                0x08001de0                HAL_IncTick
 .text.HAL_GetTick
                0x08001e08       0x18 cmake/stm32cubemx/CMakeFiles/STM32_Drivers.dir/__/__/Drivers/STM32F4xx_HAL_Driver/Src/stm32f4xx_hal.c.obj
                0x08001e08                HAL_GetTick
 .text.HAL_Delay
                0x08001e20       0x48 cmake/stm32cubemx/CMakeFiles/STM32_Drivers.dir/__/__/Drivers/STM32F4xx_HAL_Driver/Src/stm32f4xx_hal.c.obj
                0x08001e20                HAL_Delay
 .text.main     0x08001e68       0x98 CMakeFiles/breathlight.dir/Core/Src/main.c.obj
                0x08001e68                main
 .text.SystemClock_Config
                0x08001f00       0xd4 CMakeFiles/breathlight.dir/Core/Src/main.c.obj
                0x08001f00                SystemClock_Config
 .text.MX_TIM4_Init
                0x08001fd4       0xec CMakeFiles/breathlight.dir/Core/Src/main.c.obj
 .text.MX_TIM5_Init
                0x080020c0       0xe4 CMakeFiles/breathlight.dir/Core/Src/main.c.obj
 .text.MX_GPIO_Init
                0x080021a4       0x50 CMakeFiles/breathlight.dir/Core/Src/main.c.obj
 .text.Error_Handler
                0x080021f4        0xc CMakeFiles/breathlight.dir/Core/Src/main.c.obj
                0x080021f4                Error_Handler
 .text.NMI_Handler
                0x08002200        0x8 CMakeFiles/breathlight.dir/Core/Src/stm32f4xx_it.c.obj
                0x08002200                NMI_Handler
 .text.HardFault_Handler
                0x08002208        0x8 CMakeFiles/breathlight.dir/Core/Src/stm32f4xx_it.c.obj
                0x08002208                HardFault_Handler
 .text.MemManage_Handler
                0x08002210        0x8 CMakeFiles/breathlight.dir/Core/Src/stm32f4xx_it.c.obj
                0x08002210                MemManage_Handler
 .text.BusFault_Handler
                0x08002218        0x8 CMakeFiles/breathlight.dir/Core/Src/stm32f4xx_it.c.obj
                0x08002218                BusFault_Handler
 .text.UsageFault_Handler
                0x08002220        0x8 CMakeFiles/breathlight.dir/Core/Src/stm32f4xx_it.c.obj
                0x08002220                UsageFault_Handler
 .text.SVC_Handler
                0x08002228        0xe CMakeFiles/breathlight.dir/Core/Src/stm32f4xx_it.c.obj
                0x08002228                SVC_Handler
 .text.DebugMon_Handler
                0x08002236        0xe CMakeFiles/breathlight.dir/Core/Src/stm32f4xx_it.c.obj
                0x08002236                DebugMon_Handler
 .text.PendSV_Handler
                0x08002244        0xe CMakeFiles/breathlight.dir/Core/Src/stm32f4xx_it.c.obj
                0x08002244                PendSV_Handler
 .text.SysTick_Handler
                0x08002252        0xc CMakeFiles/breathlight.dir/Core/Src/stm32f4xx_it.c.obj
                0x08002252                SysTick_Handler
 *fill*         0x0800225e        0x2 
 .text.HAL_MspInit
                0x08002260       0x50 CMakeFiles/breathlight.dir/Core/Src/stm32f4xx_hal_msp.c.obj
                0x08002260                HAL_MspInit
 .text.HAL_TIM_Base_MspInit
                0x080022b0       0x44 CMakeFiles/breathlight.dir/Core/Src/stm32f4xx_hal_msp.c.obj
                0x080022b0                HAL_TIM_Base_MspInit
 .text.HAL_TIM_PWM_MspInit
                0x080022f4       0x44 CMakeFiles/breathlight.dir/Core/Src/stm32f4xx_hal_msp.c.obj
                0x080022f4                HAL_TIM_PWM_MspInit
 .text.HAL_TIM_MspPostInit
                0x08002338       0xc8 CMakeFiles/breathlight.dir/Core/Src/stm32f4xx_hal_msp.c.obj
                0x08002338                HAL_TIM_MspPostInit
 .text.Reset_Handler
                0x08002400       0x50 CMakeFiles/breathlight.dir/startup_stm32f407xx.s.obj
                0x08002400                Reset_Handler
 .text.Default_Handler
                0x08002450        0x2 CMakeFiles/breathlight.dir/startup_stm32f407xx.s.obj
                0x08002450                RTC_Alarm_IRQHandler
                0x08002450                HASH_RNG_IRQHandler
                0x08002450                EXTI2_IRQHandler
                0x08002450                TIM8_CC_IRQHandler
                0x08002450                TIM1_CC_IRQHandler
                0x08002450                DMA2_Stream5_IRQHandler
                0x08002450                DMA1_Stream5_IRQHandler
                0x08002450                PVD_IRQHandler
                0x08002450                SDIO_IRQHandler
                0x08002450                TAMP_STAMP_IRQHandler
                0x08002450                CAN2_RX1_IRQHandler
                0x08002450                EXTI3_IRQHandler
                0x08002450                TIM8_TRG_COM_TIM14_IRQHandler
                0x08002450                TIM1_UP_TIM10_IRQHandler
                0x08002450                TIM8_UP_TIM13_IRQHandler
                0x08002450                I2C3_ER_IRQHandler
                0x08002450                EXTI0_IRQHandler
                0x08002450                I2C2_EV_IRQHandler
                0x08002450                DMA1_Stream2_IRQHandler
                0x08002450                CAN1_RX0_IRQHandler
                0x08002450                FPU_IRQHandler
                0x08002450                OTG_HS_WKUP_IRQHandler
                0x08002450                CAN2_SCE_IRQHandler
                0x08002450                DMA2_Stream2_IRQHandler
                0x08002450                SPI1_IRQHandler
                0x08002450                TIM6_DAC_IRQHandler
                0x08002450                TIM1_BRK_TIM9_IRQHandler
                0x08002450                DCMI_IRQHandler
                0x08002450                CAN2_RX0_IRQHandler
                0x08002450                DMA2_Stream3_IRQHandler
                0x08002450                USART6_IRQHandler
                0x08002450                USART3_IRQHandler
                0x08002450                CAN1_RX1_IRQHandler
                0x08002450                UART5_IRQHandler
                0x08002450                DMA2_Stream0_IRQHandler
                0x08002450                TIM4_IRQHandler
                0x08002450                I2C1_EV_IRQHandler
                0x08002450                DMA1_Stream6_IRQHandler
                0x08002450                DMA1_Stream1_IRQHandler
                0x08002450                UART4_IRQHandler
                0x08002450                TIM3_IRQHandler
                0x08002450                RCC_IRQHandler
                0x08002450                TIM8_BRK_TIM12_IRQHandler
                0x08002450                Default_Handler
                0x08002450                EXTI15_10_IRQHandler
                0x08002450                ADC_IRQHandler
                0x08002450                DMA1_Stream7_IRQHandler
                0x08002450                TIM7_IRQHandler
                0x08002450                CAN2_TX_IRQHandler
                0x08002450                TIM5_IRQHandler
                0x08002450                DMA2_Stream7_IRQHandler
                0x08002450                I2C3_EV_IRQHandler
                0x08002450                EXTI9_5_IRQHandler
                0x08002450                RTC_WKUP_IRQHandler
                0x08002450                ETH_WKUP_IRQHandler
                0x08002450                SPI2_IRQHandler
                0x08002450                OTG_HS_EP1_IN_IRQHandler
                0x08002450                DMA1_Stream0_IRQHandler
                0x08002450                CAN1_TX_IRQHandler
                0x08002450                EXTI4_IRQHandler
                0x08002450                FSMC_IRQHandler
                0x08002450                ETH_IRQHandler
                0x08002450                OTG_HS_EP1_OUT_IRQHandler
                0x08002450                WWDG_IRQHandler
                0x08002450                TIM2_IRQHandler
                0x08002450                OTG_FS_WKUP_IRQHandler
                0x08002450                TIM1_TRG_COM_TIM11_IRQHandler
                0x08002450                OTG_HS_IRQHandler
                0x08002450                EXTI1_IRQHandler
                0x08002450                USART2_IRQHandler
                0x08002450                I2C2_ER_IRQHandler
                0x08002450                DMA2_Stream1_IRQHandler
                0x08002450                CAN1_SCE_IRQHandler
                0x08002450                FLASH_IRQHandler
                0x08002450                DMA2_Stream4_IRQHandler
                0x08002450                USART1_IRQHandler
                0x08002450                OTG_FS_IRQHandler
                0x08002450                SPI3_IRQHandler
                0x08002450                DMA1_Stream4_IRQHandler
                0x08002450                I2C1_ER_IRQHandler
                0x08002450                DMA2_Stream6_IRQHandler
                0x08002450                DMA1_Stream3_IRQHandler
 *fill*         0x08002452        0x2 
 .text.__udivmoddi4
                0x08002454      0x2bc E:/GNU/arm-gnu-toolchain-13.3.rel1-mingw-w64-i686-arm-none-eabi/bin/../lib/gcc/arm-none-eabi/13.3.1/thumb/v7e-m+fp/hard\libgcc.a(_udivmoddi4.o)
                0x08002454                __udivmoddi4
 .text.memset   0x08002710       0x10 E:/GNU/arm-gnu-toolchain-13.3.rel1-mingw-w64-i686-arm-none-eabi/bin/../lib/gcc/arm-none-eabi/13.3.1/thumb/v7e-m+fp/hard\libg_nano.a(libc_a-memset.o)
                0x08002710                memset
 .text.__libc_init_array
                0x08002720       0x48 E:/GNU/arm-gnu-toolchain-13.3.rel1-mingw-w64-i686-arm-none-eabi/bin/../lib/gcc/arm-none-eabi/13.3.1/thumb/v7e-m+fp/hard\libg_nano.a(libc_a-init.o)
                0x08002720                __libc_init_array
 *(.glue_7)
 .glue_7        0x08002768        0x0 linker stubs
 *(.glue_7t)
 .glue_7t       0x08002768        0x0 linker stubs
 *(.eh_frame)
 .eh_frame      0x08002768        0x0 E:/GNU/arm-gnu-toolchain-13.3.rel1-mingw-w64-i686-arm-none-eabi/bin/../lib/gcc/arm-none-eabi/13.3.1/thumb/v7e-m+fp/hard/crtbegin.o
 *(.init)
 .init          0x08002768        0x4 E:/GNU/arm-gnu-toolchain-13.3.rel1-mingw-w64-i686-arm-none-eabi/bin/../lib/gcc/arm-none-eabi/13.3.1/thumb/v7e-m+fp/hard/crti.o
                0x08002768                _init
 .init          0x0800276c        0x8 E:/GNU/arm-gnu-toolchain-13.3.rel1-mingw-w64-i686-arm-none-eabi/bin/../lib/gcc/arm-none-eabi/13.3.1/thumb/v7e-m+fp/hard/crtn.o
 *(.fini)
 .fini          0x08002774        0x4 E:/GNU/arm-gnu-toolchain-13.3.rel1-mingw-w64-i686-arm-none-eabi/bin/../lib/gcc/arm-none-eabi/13.3.1/thumb/v7e-m+fp/hard/crti.o
                0x08002774                _fini
 .fini          0x08002778        0x8 E:/GNU/arm-gnu-toolchain-13.3.rel1-mingw-w64-i686-arm-none-eabi/bin/../lib/gcc/arm-none-eabi/13.3.1/thumb/v7e-m+fp/hard/crtn.o
                0x08002780                        . = ALIGN (0x4)
                0x08002780                        _etext = .

.vfp11_veneer   0x08002780        0x0
 .vfp11_veneer  0x08002780        0x0 linker stubs

.v4_bx          0x08002780        0x0
 .v4_bx         0x08002780        0x0 linker stubs

.iplt           0x08002780        0x0
 .iplt          0x08002780        0x0 E:/GNU/arm-gnu-toolchain-13.3.rel1-mingw-w64-i686-arm-none-eabi/bin/../lib/gcc/arm-none-eabi/13.3.1/thumb/v7e-m+fp/hard/crtbegin.o

.rodata         0x08002780       0x10
                0x08002780                        . = ALIGN (0x4)
 *(.rodata)
 *(.rodata*)
 .rodata.AHBPrescTable
                0x08002780       0x10 cmake/stm32cubemx/CMakeFiles/STM32_Drivers.dir/__/__/Core/Src/system_stm32f4xx.c.obj
                0x08002780                AHBPrescTable
                0x08002790                        . = ALIGN (0x4)

.ARM.extab      0x08002790        0x0
                0x08002790                        . = ALIGN (0x4)
 *(.ARM.extab* .gnu.linkonce.armextab.*)
                0x08002790                        . = ALIGN (0x4)

.ARM            0x08002790        0x8
                0x08002790                        . = ALIGN (0x4)
                0x08002790                        __exidx_start = .
 *(.ARM.exidx*)
 .ARM.exidx.text.__udivmoddi4
                0x08002790        0x8 E:/GNU/arm-gnu-toolchain-13.3.rel1-mingw-w64-i686-arm-none-eabi/bin/../lib/gcc/arm-none-eabi/13.3.1/thumb/v7e-m+fp/hard\libgcc.a(_udivmoddi4.o)
                0x08002798                        __exidx_end = .
                0x08002798                        . = ALIGN (0x4)

.preinit_array  0x08002798        0x0
                0x08002798                        . = ALIGN (0x4)
                0x08002798                        PROVIDE (__preinit_array_start = .)
 *(.preinit_array*)
                0x08002798                        PROVIDE (__preinit_array_end = .)
                0x08002798                        . = ALIGN (0x4)

.init_array     0x08002798        0x4
                0x08002798                        . = ALIGN (0x4)
                0x08002798                        PROVIDE (__init_array_start = .)
 *(SORT_BY_NAME(.init_array.*))
 *(.init_array*)
 .init_array    0x08002798        0x4 E:/GNU/arm-gnu-toolchain-13.3.rel1-mingw-w64-i686-arm-none-eabi/bin/../lib/gcc/arm-none-eabi/13.3.1/thumb/v7e-m+fp/hard/crtbegin.o
                0x0800279c                        PROVIDE (__init_array_end = .)
                0x0800279c                        . = ALIGN (0x4)

.fini_array     0x0800279c        0x4
                0x0800279c                        . = ALIGN (0x4)
                [!provide]                        PROVIDE (__fini_array_start = .)
 *(SORT_BY_NAME(.fini_array.*))
 *(.fini_array*)
 .fini_array    0x0800279c        0x4 E:/GNU/arm-gnu-toolchain-13.3.rel1-mingw-w64-i686-arm-none-eabi/bin/../lib/gcc/arm-none-eabi/13.3.1/thumb/v7e-m+fp/hard/crtbegin.o
                [!provide]                        PROVIDE (__fini_array_end = .)
                0x080027a0                        . = ALIGN (0x4)
                0x080027a0                        _siccmram = LOADADDR (.ccmram)

.rel.dyn        0x080027a0        0x0
 .rel.iplt      0x080027a0        0x0 E:/GNU/arm-gnu-toolchain-13.3.rel1-mingw-w64-i686-arm-none-eabi/bin/../lib/gcc/arm-none-eabi/13.3.1/thumb/v7e-m+fp/hard/crtbegin.o

.ccmram         0x10000000        0x0 load address 0x080027a0
                0x10000000                        . = ALIGN (0x4)
                0x10000000                        _sccmram = .
 *(.ccmram)
 *(.ccmram*)
                0x10000000                        . = ALIGN (0x4)
                0x10000000                        _eccmram = .
                0x080027a0                        _sidata = LOADADDR (.data)

.data           0x20000000        0xc load address 0x080027a0
                0x20000000                        . = ALIGN (0x4)
                0x20000000                        _sdata = .
 *(.data)
 *(.data*)
 .data.SystemCoreClock
                0x20000000        0x4 cmake/stm32cubemx/CMakeFiles/STM32_Drivers.dir/__/__/Core/Src/system_stm32f4xx.c.obj
                0x20000000                SystemCoreClock
 .data.uwTickPrio
                0x20000004        0x4 cmake/stm32cubemx/CMakeFiles/STM32_Drivers.dir/__/__/Drivers/STM32F4xx_HAL_Driver/Src/stm32f4xx_hal.c.obj
                0x20000004                uwTickPrio
 .data.uwTickFreq
                0x20000008        0x1 cmake/stm32cubemx/CMakeFiles/STM32_Drivers.dir/__/__/Drivers/STM32F4xx_HAL_Driver/Src/stm32f4xx_hal.c.obj
                0x20000008                uwTickFreq
 *(.RamFunc)
 *(.RamFunc*)
                0x2000000c                        . = ALIGN (0x4)
 *fill*         0x20000009        0x3 

.tm_clone_table
                0x2000000c        0x0 load address 0x080027ac
 .tm_clone_table
                0x2000000c        0x0 E:/GNU/arm-gnu-toolchain-13.3.rel1-mingw-w64-i686-arm-none-eabi/bin/../lib/gcc/arm-none-eabi/13.3.1/thumb/v7e-m+fp/hard/crtbegin.o
 .tm_clone_table
                0x2000000c        0x0 E:/GNU/arm-gnu-toolchain-13.3.rel1-mingw-w64-i686-arm-none-eabi/bin/../lib/gcc/arm-none-eabi/13.3.1/thumb/v7e-m+fp/hard/crtend.o

.igot.plt       0x2000000c        0x0 load address 0x080027ac
 .igot.plt      0x2000000c        0x0 E:/GNU/arm-gnu-toolchain-13.3.rel1-mingw-w64-i686-arm-none-eabi/bin/../lib/gcc/arm-none-eabi/13.3.1/thumb/v7e-m+fp/hard/crtbegin.o

.tdata          0x2000000c        0x0 load address 0x080027ac
 *(.tdata .tdata.* .gnu.linkonce.td.*)
                0x2000000c                        . = ALIGN (0x4)
                0x2000000c                        _edata = .
                [!provide]                        PROVIDE (__data_end = .)
                [!provide]                        PROVIDE (__tdata_end = .)
                [!provide]                        PROVIDE (__tdata_start = ADDR (.tdata))
                [!provide]                        PROVIDE (__tdata_size = (__tdata_end - __tdata_start))
                [!provide]                        PROVIDE (__data_start = ADDR (.data))
                [!provide]                        PROVIDE (__data_size = (__data_end - __data_start))
                [!provide]                        PROVIDE (__tdata_source = LOADADDR (.tdata))
                [!provide]                        PROVIDE (__tdata_source_end = (LOADADDR (.tdata) + SIZEOF (.tdata)))
                [!provide]                        PROVIDE (__tdata_source_size = (__tdata_source_end - __tdata_source))
                [!provide]                        PROVIDE (__data_source = LOADADDR (.data))
                [!provide]                        PROVIDE (__data_source_end = __tdata_source_end)
                [!provide]                        PROVIDE (__data_source_size = (__data_source_end - __data_source))

.tbss           0x2000000c        0x0 load address 0x080027ac
                0x2000000c                        _sbss = .
                0x2000000c                        __bss_start__ = _sbss
 *(.tbss .tbss.*)
                0x2000000c                        . = ALIGN (0x4)
                [!provide]                        PROVIDE (__tbss_end = .)
                [!provide]                        PROVIDE (__tbss_start = ADDR (.tbss))
                [!provide]                        PROVIDE (__tbss_size = (__tbss_end - __tbss_start))
                [!provide]                        PROVIDE (__tbss_offset = (ADDR (.tbss) - ADDR (.tdata)))
                [!provide]                        PROVIDE (__tls_base = __tdata_start)
                [!provide]                        PROVIDE (__tls_end = __tbss_end)
                [!provide]                        PROVIDE (__tls_size = (__tls_end - __tls_base))
                [!provide]                        PROVIDE (__tls_align = MAX (ALIGNOF (.tdata), ALIGNOF (.tbss)))
                [!provide]                        PROVIDE (__tls_size_align = (((__tls_size + __tls_align) - 0x1) & ~ ((__tls_align - 0x1))))
                [!provide]                        PROVIDE (__arm32_tls_tcb_offset = MAX (0x8, __tls_align))
                [!provide]                        PROVIDE (__arm64_tls_tcb_offset = MAX (0x10, __tls_align))

.bss            0x2000000c       0xb0 load address 0x080027ac
 *(.bss)
 *(.bss*)
 .bss.completed.1
                0x2000000c        0x1 E:/GNU/arm-gnu-toolchain-13.3.rel1-mingw-w64-i686-arm-none-eabi/bin/../lib/gcc/arm-none-eabi/13.3.1/thumb/v7e-m+fp/hard/crtbegin.o
 *fill*         0x2000000d        0x3 
 .bss.object.0  0x20000010       0x18 E:/GNU/arm-gnu-toolchain-13.3.rel1-mingw-w64-i686-arm-none-eabi/bin/../lib/gcc/arm-none-eabi/13.3.1/thumb/v7e-m+fp/hard/crtbegin.o
 .bss.uwTick    0x20000028        0x4 cmake/stm32cubemx/CMakeFiles/STM32_Drivers.dir/__/__/Drivers/STM32F4xx_HAL_Driver/Src/stm32f4xx_hal.c.obj
                0x20000028                uwTick
 .bss.htim4     0x2000002c       0x48 CMakeFiles/breathlight.dir/Core/Src/main.c.obj
                0x2000002c                htim4
 .bss.htim5     0x20000074       0x48 CMakeFiles/breathlight.dir/Core/Src/main.c.obj
                0x20000074                htim5
 *(COMMON)
                0x200000bc                        . = ALIGN (0x4)
                0x200000bc                        _ebss = .
                0x200000bc                        __bss_end__ = _ebss
                [!provide]                        PROVIDE (__bss_end = .)
                [!provide]                        PROVIDE (__non_tls_bss_start = ADDR (.bss))
                [!provide]                        PROVIDE (__bss_start = __tbss_start)
                [!provide]                        PROVIDE (__bss_size = (__bss_end - __bss_start))

._user_heap_stack
                0x200000bc      0x604 load address 0x080027ac
                0x200000c0                        . = ALIGN (0x8)
 *fill*         0x200000bc        0x4 
                [!provide]                        PROVIDE (end = .)
                0x200000c0                        PROVIDE (_end = .)
                0x200002c0                        . = (. + _Min_Heap_Size)
 *fill*         0x200000c0      0x200 
                0x200006c0                        . = (. + _Min_Stack_Size)
 *fill*         0x200002c0      0x400 
                0x200006c0                        . = ALIGN (0x8)

/DISCARD/
 libc.a:*(*)
 libm.a:*(*)
 libgcc.a:*(*)
OUTPUT(breathlight.elf elf32-littlearm)
LOAD linker stubs

.ARM.attributes
                0x00000000       0x30
 .ARM.attributes
                0x00000000       0x22 E:/GNU/arm-gnu-toolchain-13.3.rel1-mingw-w64-i686-arm-none-eabi/bin/../lib/gcc/arm-none-eabi/13.3.1/thumb/v7e-m+fp/hard/crti.o
 .ARM.attributes
                0x00000022       0x34 E:/GNU/arm-gnu-toolchain-13.3.rel1-mingw-w64-i686-arm-none-eabi/bin/../lib/gcc/arm-none-eabi/13.3.1/thumb/v7e-m+fp/hard/crtbegin.o
 .ARM.attributes
                0x00000056       0x34 cmake/stm32cubemx/CMakeFiles/STM32_Drivers.dir/__/__/Core/Src/system_stm32f4xx.c.obj
 .ARM.attributes
                0x0000008a       0x34 cmake/stm32cubemx/CMakeFiles/STM32_Drivers.dir/__/__/Drivers/STM32F4xx_HAL_Driver/Src/stm32f4xx_hal_tim.c.obj
 .ARM.attributes
                0x000000be       0x34 cmake/stm32cubemx/CMakeFiles/STM32_Drivers.dir/__/__/Drivers/STM32F4xx_HAL_Driver/Src/stm32f4xx_hal_tim_ex.c.obj
 .ARM.attributes
                0x000000f2       0x34 cmake/stm32cubemx/CMakeFiles/STM32_Drivers.dir/__/__/Drivers/STM32F4xx_HAL_Driver/Src/stm32f4xx_hal_rcc.c.obj
 .ARM.attributes
                0x00000126       0x34 cmake/stm32cubemx/CMakeFiles/STM32_Drivers.dir/__/__/Drivers/STM32F4xx_HAL_Driver/Src/stm32f4xx_hal_gpio.c.obj
 .ARM.attributes
                0x0000015a       0x34 cmake/stm32cubemx/CMakeFiles/STM32_Drivers.dir/__/__/Drivers/STM32F4xx_HAL_Driver/Src/stm32f4xx_hal_cortex.c.obj
 .ARM.attributes
                0x0000018e       0x34 cmake/stm32cubemx/CMakeFiles/STM32_Drivers.dir/__/__/Drivers/STM32F4xx_HAL_Driver/Src/stm32f4xx_hal.c.obj
 .ARM.attributes
                0x000001c2       0x34 CMakeFiles/breathlight.dir/Core/Src/main.c.obj
 .ARM.attributes
                0x000001f6       0x34 CMakeFiles/breathlight.dir/Core/Src/stm32f4xx_it.c.obj
 .ARM.attributes
                0x0000022a       0x34 CMakeFiles/breathlight.dir/Core/Src/stm32f4xx_hal_msp.c.obj
 .ARM.attributes
                0x0000025e       0x21 CMakeFiles/breathlight.dir/startup_stm32f407xx.s.obj
 .ARM.attributes
                0x0000027f       0x22 E:/GNU/arm-gnu-toolchain-13.3.rel1-mingw-w64-i686-arm-none-eabi/bin/../lib/gcc/arm-none-eabi/13.3.1/thumb/v7e-m+fp/hard\libgcc.a(_aeabi_uldivmod.o)
 .ARM.attributes
                0x000002a1       0x34 E:/GNU/arm-gnu-toolchain-13.3.rel1-mingw-w64-i686-arm-none-eabi/bin/../lib/gcc/arm-none-eabi/13.3.1/thumb/v7e-m+fp/hard\libgcc.a(_udivmoddi4.o)
 .ARM.attributes
                0x000002d5       0x22 E:/GNU/arm-gnu-toolchain-13.3.rel1-mingw-w64-i686-arm-none-eabi/bin/../lib/gcc/arm-none-eabi/13.3.1/thumb/v7e-m+fp/hard\libgcc.a(_dvmd_tls.o)
 .ARM.attributes
                0x000002f7       0x34 E:/GNU/arm-gnu-toolchain-13.3.rel1-mingw-w64-i686-arm-none-eabi/bin/../lib/gcc/arm-none-eabi/13.3.1/thumb/v7e-m+fp/hard\libg_nano.a(libc_a-memset.o)
 .ARM.attributes
                0x0000032b       0x34 E:/GNU/arm-gnu-toolchain-13.3.rel1-mingw-w64-i686-arm-none-eabi/bin/../lib/gcc/arm-none-eabi/13.3.1/thumb/v7e-m+fp/hard\libg_nano.a(libc_a-init.o)
 .ARM.attributes
                0x0000035f       0x34 E:/GNU/arm-gnu-toolchain-13.3.rel1-mingw-w64-i686-arm-none-eabi/bin/../lib/gcc/arm-none-eabi/13.3.1/thumb/v7e-m+fp/hard/crtend.o
 .ARM.attributes
                0x00000393       0x22 E:/GNU/arm-gnu-toolchain-13.3.rel1-mingw-w64-i686-arm-none-eabi/bin/../lib/gcc/arm-none-eabi/13.3.1/thumb/v7e-m+fp/hard/crtn.o

.comment        0x00000000       0x45
 .comment       0x00000000       0x45 cmake/stm32cubemx/CMakeFiles/STM32_Drivers.dir/__/__/Core/Src/system_stm32f4xx.c.obj
                                 0x46 (size before relaxing)
 .comment       0x00000045       0x46 cmake/stm32cubemx/CMakeFiles/STM32_Drivers.dir/__/__/Drivers/STM32F4xx_HAL_Driver/Src/stm32f4xx_hal_tim.c.obj
 .comment       0x00000045       0x46 cmake/stm32cubemx/CMakeFiles/STM32_Drivers.dir/__/__/Drivers/STM32F4xx_HAL_Driver/Src/stm32f4xx_hal_tim_ex.c.obj
 .comment       0x00000045       0x46 cmake/stm32cubemx/CMakeFiles/STM32_Drivers.dir/__/__/Drivers/STM32F4xx_HAL_Driver/Src/stm32f4xx_hal_rcc.c.obj
 .comment       0x00000045       0x46 cmake/stm32cubemx/CMakeFiles/STM32_Drivers.dir/__/__/Drivers/STM32F4xx_HAL_Driver/Src/stm32f4xx_hal_gpio.c.obj
 .comment       0x00000045       0x46 cmake/stm32cubemx/CMakeFiles/STM32_Drivers.dir/__/__/Drivers/STM32F4xx_HAL_Driver/Src/stm32f4xx_hal_cortex.c.obj
 .comment       0x00000045       0x46 cmake/stm32cubemx/CMakeFiles/STM32_Drivers.dir/__/__/Drivers/STM32F4xx_HAL_Driver/Src/stm32f4xx_hal.c.obj
 .comment       0x00000045       0x46 CMakeFiles/breathlight.dir/Core/Src/main.c.obj
 .comment       0x00000045       0x46 CMakeFiles/breathlight.dir/Core/Src/stm32f4xx_it.c.obj
 .comment       0x00000045       0x46 CMakeFiles/breathlight.dir/Core/Src/stm32f4xx_hal_msp.c.obj

.debug_info     0x00000000     0x8306
 .debug_info    0x00000000      0x512 cmake/stm32cubemx/CMakeFiles/STM32_Drivers.dir/__/__/Core/Src/system_stm32f4xx.c.obj
 .debug_info    0x00000512     0x299d cmake/stm32cubemx/CMakeFiles/STM32_Drivers.dir/__/__/Drivers/STM32F4xx_HAL_Driver/Src/stm32f4xx_hal_tim.c.obj
 .debug_info    0x00002eaf     0x14db cmake/stm32cubemx/CMakeFiles/STM32_Drivers.dir/__/__/Drivers/STM32F4xx_HAL_Driver/Src/stm32f4xx_hal_tim_ex.c.obj
 .debug_info    0x0000438a      0x8c3 cmake/stm32cubemx/CMakeFiles/STM32_Drivers.dir/__/__/Drivers/STM32F4xx_HAL_Driver/Src/stm32f4xx_hal_rcc.c.obj
 .debug_info    0x00004c4d      0x6c3 cmake/stm32cubemx/CMakeFiles/STM32_Drivers.dir/__/__/Drivers/STM32F4xx_HAL_Driver/Src/stm32f4xx_hal_gpio.c.obj
 .debug_info    0x00005310      0xd8c cmake/stm32cubemx/CMakeFiles/STM32_Drivers.dir/__/__/Drivers/STM32F4xx_HAL_Driver/Src/stm32f4xx_hal_cortex.c.obj
 .debug_info    0x0000609c      0x944 cmake/stm32cubemx/CMakeFiles/STM32_Drivers.dir/__/__/Drivers/STM32F4xx_HAL_Driver/Src/stm32f4xx_hal.c.obj
 .debug_info    0x000069e0      0xd53 CMakeFiles/breathlight.dir/Core/Src/main.c.obj
 .debug_info    0x00007733      0x112 CMakeFiles/breathlight.dir/Core/Src/stm32f4xx_it.c.obj
 .debug_info    0x00007845      0xa91 CMakeFiles/breathlight.dir/Core/Src/stm32f4xx_hal_msp.c.obj
 .debug_info    0x000082d6       0x30 CMakeFiles/breathlight.dir/startup_stm32f407xx.s.obj

.debug_abbrev   0x00000000     0x14be
 .debug_abbrev  0x00000000      0x11a cmake/stm32cubemx/CMakeFiles/STM32_Drivers.dir/__/__/Core/Src/system_stm32f4xx.c.obj
 .debug_abbrev  0x0000011a      0x278 cmake/stm32cubemx/CMakeFiles/STM32_Drivers.dir/__/__/Drivers/STM32F4xx_HAL_Driver/Src/stm32f4xx_hal_tim.c.obj
 .debug_abbrev  0x00000392      0x283 cmake/stm32cubemx/CMakeFiles/STM32_Drivers.dir/__/__/Drivers/STM32F4xx_HAL_Driver/Src/stm32f4xx_hal_tim_ex.c.obj
 .debug_abbrev  0x00000615      0x2b7 cmake/stm32cubemx/CMakeFiles/STM32_Drivers.dir/__/__/Drivers/STM32F4xx_HAL_Driver/Src/stm32f4xx_hal_rcc.c.obj
 .debug_abbrev  0x000008cc      0x1d4 cmake/stm32cubemx/CMakeFiles/STM32_Drivers.dir/__/__/Drivers/STM32F4xx_HAL_Driver/Src/stm32f4xx_hal_gpio.c.obj
 .debug_abbrev  0x00000aa0      0x31d cmake/stm32cubemx/CMakeFiles/STM32_Drivers.dir/__/__/Drivers/STM32F4xx_HAL_Driver/Src/stm32f4xx_hal_cortex.c.obj
 .debug_abbrev  0x00000dbd      0x214 cmake/stm32cubemx/CMakeFiles/STM32_Drivers.dir/__/__/Drivers/STM32F4xx_HAL_Driver/Src/stm32f4xx_hal.c.obj
 .debug_abbrev  0x00000fd1      0x286 CMakeFiles/breathlight.dir/Core/Src/main.c.obj
 .debug_abbrev  0x00001257       0x73 CMakeFiles/breathlight.dir/Core/Src/stm32f4xx_it.c.obj
 .debug_abbrev  0x000012ca      0x1d0 CMakeFiles/breathlight.dir/Core/Src/stm32f4xx_hal_msp.c.obj
 .debug_abbrev  0x0000149a       0x24 CMakeFiles/breathlight.dir/startup_stm32f407xx.s.obj

.debug_aranges  0x00000000      0x978
 .debug_aranges
                0x00000000       0x28 cmake/stm32cubemx/CMakeFiles/STM32_Drivers.dir/__/__/Core/Src/system_stm32f4xx.c.obj
 .debug_aranges
                0x00000028      0x3d0 cmake/stm32cubemx/CMakeFiles/STM32_Drivers.dir/__/__/Drivers/STM32F4xx_HAL_Driver/Src/stm32f4xx_hal_tim.c.obj
 .debug_aranges
                0x000003f8      0x168 cmake/stm32cubemx/CMakeFiles/STM32_Drivers.dir/__/__/Drivers/STM32F4xx_HAL_Driver/Src/stm32f4xx_hal_tim_ex.c.obj
 .debug_aranges
                0x00000560       0x88 cmake/stm32cubemx/CMakeFiles/STM32_Drivers.dir/__/__/Drivers/STM32F4xx_HAL_Driver/Src/stm32f4xx_hal_rcc.c.obj
 .debug_aranges
                0x000005e8       0x58 cmake/stm32cubemx/CMakeFiles/STM32_Drivers.dir/__/__/Drivers/STM32F4xx_HAL_Driver/Src/stm32f4xx_hal_gpio.c.obj
 .debug_aranges
                0x00000640      0x130 cmake/stm32cubemx/CMakeFiles/STM32_Drivers.dir/__/__/Drivers/STM32F4xx_HAL_Driver/Src/stm32f4xx_hal_cortex.c.obj
 .debug_aranges
                0x00000770       0xf0 cmake/stm32cubemx/CMakeFiles/STM32_Drivers.dir/__/__/Drivers/STM32F4xx_HAL_Driver/Src/stm32f4xx_hal.c.obj
 .debug_aranges
                0x00000860       0x48 CMakeFiles/breathlight.dir/Core/Src/main.c.obj
 .debug_aranges
                0x000008a8       0x60 CMakeFiles/breathlight.dir/Core/Src/stm32f4xx_it.c.obj
 .debug_aranges
                0x00000908       0x48 CMakeFiles/breathlight.dir/Core/Src/stm32f4xx_hal_msp.c.obj
 .debug_aranges
                0x00000950       0x28 CMakeFiles/breathlight.dir/startup_stm32f407xx.s.obj

.debug_rnglists
                0x00000000      0x750
 .debug_rnglists
                0x00000000       0x1a cmake/stm32cubemx/CMakeFiles/STM32_Drivers.dir/__/__/Core/Src/system_stm32f4xx.c.obj
 .debug_rnglists
                0x0000001a      0x31a cmake/stm32cubemx/CMakeFiles/STM32_Drivers.dir/__/__/Drivers/STM32F4xx_HAL_Driver/Src/stm32f4xx_hal_tim.c.obj
 .debug_rnglists
                0x00000334      0x125 cmake/stm32cubemx/CMakeFiles/STM32_Drivers.dir/__/__/Drivers/STM32F4xx_HAL_Driver/Src/stm32f4xx_hal_tim_ex.c.obj
 .debug_rnglists
                0x00000459       0x66 cmake/stm32cubemx/CMakeFiles/STM32_Drivers.dir/__/__/Drivers/STM32F4xx_HAL_Driver/Src/stm32f4xx_hal_rcc.c.obj
 .debug_rnglists
                0x000004bf       0x3f cmake/stm32cubemx/CMakeFiles/STM32_Drivers.dir/__/__/Drivers/STM32F4xx_HAL_Driver/Src/stm32f4xx_hal_gpio.c.obj
 .debug_rnglists
                0x000004fe       0xe0 cmake/stm32cubemx/CMakeFiles/STM32_Drivers.dir/__/__/Drivers/STM32F4xx_HAL_Driver/Src/stm32f4xx_hal_cortex.c.obj
 .debug_rnglists
                0x000005de       0xaf cmake/stm32cubemx/CMakeFiles/STM32_Drivers.dir/__/__/Drivers/STM32F4xx_HAL_Driver/Src/stm32f4xx_hal.c.obj
 .debug_rnglists
                0x0000068d       0x35 CMakeFiles/breathlight.dir/Core/Src/main.c.obj
 .debug_rnglists
                0x000006c2       0x43 CMakeFiles/breathlight.dir/Core/Src/stm32f4xx_it.c.obj
 .debug_rnglists
                0x00000705       0x32 CMakeFiles/breathlight.dir/Core/Src/stm32f4xx_hal_msp.c.obj
 .debug_rnglists
                0x00000737       0x19 CMakeFiles/breathlight.dir/startup_stm32f407xx.s.obj

.debug_macro    0x00000000    0x1fb6a
 .debug_macro   0x00000000      0x1c4 cmake/stm32cubemx/CMakeFiles/STM32_Drivers.dir/__/__/Core/Src/system_stm32f4xx.c.obj
 .debug_macro   0x000001c4      0xad8 cmake/stm32cubemx/CMakeFiles/STM32_Drivers.dir/__/__/Core/Src/system_stm32f4xx.c.obj
 .debug_macro   0x00000c9c       0x2e cmake/stm32cubemx/CMakeFiles/STM32_Drivers.dir/__/__/Core/Src/system_stm32f4xx.c.obj
 .debug_macro   0x00000cca       0x2f cmake/stm32cubemx/CMakeFiles/STM32_Drivers.dir/__/__/Core/Src/system_stm32f4xx.c.obj
 .debug_macro   0x00000cf9       0x22 cmake/stm32cubemx/CMakeFiles/STM32_Drivers.dir/__/__/Core/Src/system_stm32f4xx.c.obj
 .debug_macro   0x00000d1b       0x8e cmake/stm32cubemx/CMakeFiles/STM32_Drivers.dir/__/__/Core/Src/system_stm32f4xx.c.obj
 .debug_macro   0x00000da9       0x51 cmake/stm32cubemx/CMakeFiles/STM32_Drivers.dir/__/__/Core/Src/system_stm32f4xx.c.obj
 .debug_macro   0x00000dfa      0x103 cmake/stm32cubemx/CMakeFiles/STM32_Drivers.dir/__/__/Core/Src/system_stm32f4xx.c.obj
 .debug_macro   0x00000efd       0x6a cmake/stm32cubemx/CMakeFiles/STM32_Drivers.dir/__/__/Core/Src/system_stm32f4xx.c.obj
 .debug_macro   0x00000f67      0x1df cmake/stm32cubemx/CMakeFiles/STM32_Drivers.dir/__/__/Core/Src/system_stm32f4xx.c.obj
 .debug_macro   0x00001146       0x1c cmake/stm32cubemx/CMakeFiles/STM32_Drivers.dir/__/__/Core/Src/system_stm32f4xx.c.obj
 .debug_macro   0x00001162       0x22 cmake/stm32cubemx/CMakeFiles/STM32_Drivers.dir/__/__/Core/Src/system_stm32f4xx.c.obj
 .debug_macro   0x00001184       0xfb cmake/stm32cubemx/CMakeFiles/STM32_Drivers.dir/__/__/Core/Src/system_stm32f4xx.c.obj
 .debug_macro   0x0000127f     0x1011 cmake/stm32cubemx/CMakeFiles/STM32_Drivers.dir/__/__/Core/Src/system_stm32f4xx.c.obj
 .debug_macro   0x00002290      0x11f cmake/stm32cubemx/CMakeFiles/STM32_Drivers.dir/__/__/Core/Src/system_stm32f4xx.c.obj
 .debug_macro   0x000023af    0x15ea5 cmake/stm32cubemx/CMakeFiles/STM32_Drivers.dir/__/__/Core/Src/system_stm32f4xx.c.obj
 .debug_macro   0x00018254       0x6d cmake/stm32cubemx/CMakeFiles/STM32_Drivers.dir/__/__/Core/Src/system_stm32f4xx.c.obj
 .debug_macro   0x000182c1      0x295 cmake/stm32cubemx/CMakeFiles/STM32_Drivers.dir/__/__/Core/Src/system_stm32f4xx.c.obj
 .debug_macro   0x00018556     0x3693 cmake/stm32cubemx/CMakeFiles/STM32_Drivers.dir/__/__/Core/Src/system_stm32f4xx.c.obj
 .debug_macro   0x0001bbe9      0x190 cmake/stm32cubemx/CMakeFiles/STM32_Drivers.dir/__/__/Core/Src/system_stm32f4xx.c.obj
 .debug_macro   0x0001bd79       0x5c cmake/stm32cubemx/CMakeFiles/STM32_Drivers.dir/__/__/Core/Src/system_stm32f4xx.c.obj
 .debug_macro   0x0001bdd5      0x980 cmake/stm32cubemx/CMakeFiles/STM32_Drivers.dir/__/__/Core/Src/system_stm32f4xx.c.obj
 .debug_macro   0x0001c755      0x9e9 cmake/stm32cubemx/CMakeFiles/STM32_Drivers.dir/__/__/Core/Src/system_stm32f4xx.c.obj
 .debug_macro   0x0001d13e      0x115 cmake/stm32cubemx/CMakeFiles/STM32_Drivers.dir/__/__/Core/Src/system_stm32f4xx.c.obj
 .debug_macro   0x0001d253      0x13e cmake/stm32cubemx/CMakeFiles/STM32_Drivers.dir/__/__/Core/Src/system_stm32f4xx.c.obj
 .debug_macro   0x0001d391       0xa5 cmake/stm32cubemx/CMakeFiles/STM32_Drivers.dir/__/__/Core/Src/system_stm32f4xx.c.obj
 .debug_macro   0x0001d436      0x174 cmake/stm32cubemx/CMakeFiles/STM32_Drivers.dir/__/__/Core/Src/system_stm32f4xx.c.obj
 .debug_macro   0x0001d5aa      0x287 cmake/stm32cubemx/CMakeFiles/STM32_Drivers.dir/__/__/Core/Src/system_stm32f4xx.c.obj
 .debug_macro   0x0001d831       0x5f cmake/stm32cubemx/CMakeFiles/STM32_Drivers.dir/__/__/Core/Src/system_stm32f4xx.c.obj
 .debug_macro   0x0001d890      0x236 cmake/stm32cubemx/CMakeFiles/STM32_Drivers.dir/__/__/Core/Src/system_stm32f4xx.c.obj
 .debug_macro   0x0001dac6      0x12c cmake/stm32cubemx/CMakeFiles/STM32_Drivers.dir/__/__/Core/Src/system_stm32f4xx.c.obj
 .debug_macro   0x0001dbf2      0x21e cmake/stm32cubemx/CMakeFiles/STM32_Drivers.dir/__/__/Core/Src/system_stm32f4xx.c.obj
 .debug_macro   0x0001de10       0x2e cmake/stm32cubemx/CMakeFiles/STM32_Drivers.dir/__/__/Core/Src/system_stm32f4xx.c.obj
 .debug_macro   0x0001de3e      0x127 cmake/stm32cubemx/CMakeFiles/STM32_Drivers.dir/__/__/Core/Src/system_stm32f4xx.c.obj
 .debug_macro   0x0001df65       0x7e cmake/stm32cubemx/CMakeFiles/STM32_Drivers.dir/__/__/Core/Src/system_stm32f4xx.c.obj
 .debug_macro   0x0001dfe3       0x89 cmake/stm32cubemx/CMakeFiles/STM32_Drivers.dir/__/__/Core/Src/system_stm32f4xx.c.obj
 .debug_macro   0x0001e06c      0x8ed cmake/stm32cubemx/CMakeFiles/STM32_Drivers.dir/__/__/Core/Src/system_stm32f4xx.c.obj
 .debug_macro   0x0001e959       0x4d cmake/stm32cubemx/CMakeFiles/STM32_Drivers.dir/__/__/Core/Src/system_stm32f4xx.c.obj
 .debug_macro   0x0001e9a6      0x12d cmake/stm32cubemx/CMakeFiles/STM32_Drivers.dir/__/__/Core/Src/system_stm32f4xx.c.obj
 .debug_macro   0x0001ead3      0x1c5 cmake/stm32cubemx/CMakeFiles/STM32_Drivers.dir/__/__/Drivers/STM32F4xx_HAL_Driver/Src/stm32f4xx_hal_tim.c.obj
 .debug_macro   0x0001ec98      0x1c4 cmake/stm32cubemx/CMakeFiles/STM32_Drivers.dir/__/__/Drivers/STM32F4xx_HAL_Driver/Src/stm32f4xx_hal_tim_ex.c.obj
 .debug_macro   0x0001ee5c      0x1e8 cmake/stm32cubemx/CMakeFiles/STM32_Drivers.dir/__/__/Drivers/STM32F4xx_HAL_Driver/Src/stm32f4xx_hal_rcc.c.obj
 .debug_macro   0x0001f044      0x1ca cmake/stm32cubemx/CMakeFiles/STM32_Drivers.dir/__/__/Drivers/STM32F4xx_HAL_Driver/Src/stm32f4xx_hal_gpio.c.obj
 .debug_macro   0x0001f20e      0x1c4 cmake/stm32cubemx/CMakeFiles/STM32_Drivers.dir/__/__/Drivers/STM32F4xx_HAL_Driver/Src/stm32f4xx_hal_cortex.c.obj
 .debug_macro   0x0001f3d2      0x224 cmake/stm32cubemx/CMakeFiles/STM32_Drivers.dir/__/__/Drivers/STM32F4xx_HAL_Driver/Src/stm32f4xx_hal.c.obj
 .debug_macro   0x0001f5f6      0x1ce CMakeFiles/breathlight.dir/Core/Src/main.c.obj
 .debug_macro   0x0001f7c4      0x1d8 CMakeFiles/breathlight.dir/Core/Src/stm32f4xx_it.c.obj
 .debug_macro   0x0001f99c      0x1ce CMakeFiles/breathlight.dir/Core/Src/stm32f4xx_hal_msp.c.obj

.debug_line     0x00000000     0x94c5
 .debug_line    0x00000000      0x63f cmake/stm32cubemx/CMakeFiles/STM32_Drivers.dir/__/__/Core/Src/system_stm32f4xx.c.obj
 .debug_line    0x0000063f     0x3630 cmake/stm32cubemx/CMakeFiles/STM32_Drivers.dir/__/__/Drivers/STM32F4xx_HAL_Driver/Src/stm32f4xx_hal_tim.c.obj
 .debug_line    0x00003c6f     0x181b cmake/stm32cubemx/CMakeFiles/STM32_Drivers.dir/__/__/Drivers/STM32F4xx_HAL_Driver/Src/stm32f4xx_hal_tim_ex.c.obj
 .debug_line    0x0000548a      0xcca cmake/stm32cubemx/CMakeFiles/STM32_Drivers.dir/__/__/Drivers/STM32F4xx_HAL_Driver/Src/stm32f4xx_hal_rcc.c.obj
 .debug_line    0x00006154      0xa13 cmake/stm32cubemx/CMakeFiles/STM32_Drivers.dir/__/__/Drivers/STM32F4xx_HAL_Driver/Src/stm32f4xx_hal_gpio.c.obj
 .debug_line    0x00006b67      0xb8b cmake/stm32cubemx/CMakeFiles/STM32_Drivers.dir/__/__/Drivers/STM32F4xx_HAL_Driver/Src/stm32f4xx_hal_cortex.c.obj
 .debug_line    0x000076f2      0x8bb cmake/stm32cubemx/CMakeFiles/STM32_Drivers.dir/__/__/Drivers/STM32F4xx_HAL_Driver/Src/stm32f4xx_hal.c.obj
 .debug_line    0x00007fad      0x79d CMakeFiles/breathlight.dir/Core/Src/main.c.obj
 .debug_line    0x0000874a      0x678 CMakeFiles/breathlight.dir/Core/Src/stm32f4xx_it.c.obj
 .debug_line    0x00008dc2      0x689 CMakeFiles/breathlight.dir/Core/Src/stm32f4xx_hal_msp.c.obj
 .debug_line    0x0000944b       0x7a CMakeFiles/breathlight.dir/startup_stm32f407xx.s.obj

.debug_str      0x00000000    0xc4f28
 .debug_str     0x00000000    0xc4f28 cmake/stm32cubemx/CMakeFiles/STM32_Drivers.dir/__/__/Core/Src/system_stm32f4xx.c.obj
                              0xc224b (size before relaxing)
 .debug_str     0x000c4f28    0xc35d5 cmake/stm32cubemx/CMakeFiles/STM32_Drivers.dir/__/__/Drivers/STM32F4xx_HAL_Driver/Src/stm32f4xx_hal_tim.c.obj
 .debug_str     0x000c4f28    0xc2de1 cmake/stm32cubemx/CMakeFiles/STM32_Drivers.dir/__/__/Drivers/STM32F4xx_HAL_Driver/Src/stm32f4xx_hal_tim_ex.c.obj
 .debug_str     0x000c4f28    0xc267f cmake/stm32cubemx/CMakeFiles/STM32_Drivers.dir/__/__/Drivers/STM32F4xx_HAL_Driver/Src/stm32f4xx_hal_rcc.c.obj
 .debug_str     0x000c4f28    0xc23c6 cmake/stm32cubemx/CMakeFiles/STM32_Drivers.dir/__/__/Drivers/STM32F4xx_HAL_Driver/Src/stm32f4xx_hal_gpio.c.obj
 .debug_str     0x000c4f28    0xc2b4b cmake/stm32cubemx/CMakeFiles/STM32_Drivers.dir/__/__/Drivers/STM32F4xx_HAL_Driver/Src/stm32f4xx_hal_cortex.c.obj
 .debug_str     0x000c4f28    0xc2dcf cmake/stm32cubemx/CMakeFiles/STM32_Drivers.dir/__/__/Drivers/STM32F4xx_HAL_Driver/Src/stm32f4xx_hal.c.obj
 .debug_str     0x000c4f28    0xc2a58 CMakeFiles/breathlight.dir/Core/Src/main.c.obj
 .debug_str     0x000c4f28    0xc2121 CMakeFiles/breathlight.dir/Core/Src/stm32f4xx_it.c.obj
 .debug_str     0x000c4f28    0xc27da CMakeFiles/breathlight.dir/Core/Src/stm32f4xx_hal_msp.c.obj
 .debug_str     0x000c4f28       0x6e CMakeFiles/breathlight.dir/startup_stm32f407xx.s.obj

.debug_frame    0x00000000     0x2794
 .debug_frame   0x00000000       0x58 cmake/stm32cubemx/CMakeFiles/STM32_Drivers.dir/__/__/Core/Src/system_stm32f4xx.c.obj
 .debug_frame   0x00000058     0x11c0 cmake/stm32cubemx/CMakeFiles/STM32_Drivers.dir/__/__/Drivers/STM32F4xx_HAL_Driver/Src/stm32f4xx_hal_tim.c.obj
 .debug_frame   0x00001218      0x638 cmake/stm32cubemx/CMakeFiles/STM32_Drivers.dir/__/__/Drivers/STM32F4xx_HAL_Driver/Src/stm32f4xx_hal_tim_ex.c.obj
 .debug_frame   0x00001850      0x1f4 cmake/stm32cubemx/CMakeFiles/STM32_Drivers.dir/__/__/Drivers/STM32F4xx_HAL_Driver/Src/stm32f4xx_hal_rcc.c.obj
 .debug_frame   0x00001a44      0x14c cmake/stm32cubemx/CMakeFiles/STM32_Drivers.dir/__/__/Drivers/STM32F4xx_HAL_Driver/Src/stm32f4xx_hal_gpio.c.obj
 .debug_frame   0x00001b90      0x508 cmake/stm32cubemx/CMakeFiles/STM32_Drivers.dir/__/__/Drivers/STM32F4xx_HAL_Driver/Src/stm32f4xx_hal_cortex.c.obj
 .debug_frame   0x00002098      0x374 cmake/stm32cubemx/CMakeFiles/STM32_Drivers.dir/__/__/Drivers/STM32F4xx_HAL_Driver/Src/stm32f4xx_hal.c.obj
 .debug_frame   0x0000240c       0xdc CMakeFiles/breathlight.dir/Core/Src/main.c.obj
 .debug_frame   0x000024e8      0x104 CMakeFiles/breathlight.dir/Core/Src/stm32f4xx_it.c.obj
 .debug_frame   0x000025ec       0xfc CMakeFiles/breathlight.dir/Core/Src/stm32f4xx_hal_msp.c.obj
 .debug_frame   0x000026e8       0x2c E:/GNU/arm-gnu-toolchain-13.3.rel1-mingw-w64-i686-arm-none-eabi/bin/../lib/gcc/arm-none-eabi/13.3.1/thumb/v7e-m+fp/hard\libgcc.a(_aeabi_uldivmod.o)
 .debug_frame   0x00002714       0x34 E:/GNU/arm-gnu-toolchain-13.3.rel1-mingw-w64-i686-arm-none-eabi/bin/../lib/gcc/arm-none-eabi/13.3.1/thumb/v7e-m+fp/hard\libgcc.a(_udivmoddi4.o)
 .debug_frame   0x00002748       0x20 E:/GNU/arm-gnu-toolchain-13.3.rel1-mingw-w64-i686-arm-none-eabi/bin/../lib/gcc/arm-none-eabi/13.3.1/thumb/v7e-m+fp/hard\libg_nano.a(libc_a-memset.o)
 .debug_frame   0x00002768       0x2c E:/GNU/arm-gnu-toolchain-13.3.rel1-mingw-w64-i686-arm-none-eabi/bin/../lib/gcc/arm-none-eabi/13.3.1/thumb/v7e-m+fp/hard\libg_nano.a(libc_a-init.o)

.debug_line_str
                0x00000000      0x127
 .debug_line_str
                0x00000000      0x127 CMakeFiles/breathlight.dir/startup_stm32f407xx.s.obj
                                 0x52 (size before relaxing)
 .debug_line_str
                0x00000127       0xc9 E:/GNU/arm-gnu-toolchain-13.3.rel1-mingw-w64-i686-arm-none-eabi/bin/../lib/gcc/arm-none-eabi/13.3.1/thumb/v7e-m+fp/hard\libgcc.a(_aeabi_uldivmod.o)
 .debug_line_str
                0x00000127       0xcd E:/GNU/arm-gnu-toolchain-13.3.rel1-mingw-w64-i686-arm-none-eabi/bin/../lib/gcc/arm-none-eabi/13.3.1/thumb/v7e-m+fp/hard\libgcc.a(_dvmd_tls.o)
